# Logfile created on 2026-03-06 16:34:18 +0100 by logger.rb/v1.5.3
2026-03-06 16:34:18 +0100: Memory Usage (439524K) : Starting running IHP-SG13G2 KLayout DRC runset on /home/mateo/GitRepos/EAMTA2026-VLSI/design/blocks/dff/layout/dff.gds
2026-03-06 16:34:18 +0100: Memory Usage (439524K) : Ruby Version for klayout: 3.2.3
2026-03-06 16:34:18 +0100: Memory Usage (441280K) : Loading database to memory is complete.
2026-03-06 16:34:18 +0100: Memory Usage (441280K) : IHP-SG13G2 KLayout DRC runset output at: /home/mateo/GitRepos/EAMTA2026-VLSI/design/drc_run_dff/dff_dff_main.lyrdb
2026-03-06 16:34:18 +0100: Memory Usage (441280K) : Evaluate switches.
2026-03-06 16:34:18 +0100: Memory Usage (441280K) : tables selected: main
2026-03-06 16:34:18 +0100: Memory Usage (441280K) : KLayout will use 1 thread(s) in tiling mode.
2026-03-06 16:34:18 +0100: Memory Usage (441280K) : deep mode is enabled.
2026-03-06 16:34:18 +0100: Memory Usage (441280K) : FEOL enabled: true
2026-03-06 16:34:18 +0100: Memory Usage (441280K) : BEOL enabled: true
2026-03-06 16:34:18 +0100: Memory Usage (441280K) : OFFGRID enabled: true
2026-03-06 16:34:18 +0100: Memory Usage (441280K) : PIN enabled: true
2026-03-06 16:34:18 +0100: Memory Usage (441280K) : FORBIDDEN enabled: true
2026-03-06 16:34:18 +0100: Memory Usage (441280K) : RECOMMENDED enabled: true
2026-03-06 16:34:18 +0100: Memory Usage (441280K) : PreCheck DRC enabled: false
2026-03-06 16:34:18 +0100: Memory Usage (441280K) : CONNECTIVITY_RULES enabled: true.
2026-03-06 16:34:18 +0100: Memory Usage (441280K) : Read in polygons from layers.
2026-03-06 16:34:18 +0100: Memory Usage (442220K) : activ_drw has 107 polygons
2026-03-06 16:34:18 +0100: Memory Usage (442220K) : activ_pin has 0 polygons
2026-03-06 16:34:18 +0100: Memory Usage (442220K) : activ_mask has 0 polygons
2026-03-06 16:34:18 +0100: Memory Usage (442220K) : activ_filler has 0 polygons
2026-03-06 16:34:18 +0100: Memory Usage (442220K) : activ_nofill has 0 polygons
2026-03-06 16:34:18 +0100: Memory Usage (442220K) : activ_opc has 0 polygons
2026-03-06 16:34:18 +0100: Memory Usage (442220K) : activ_iopc has 0 polygons
2026-03-06 16:34:18 +0100: Memory Usage (442220K) : activ_noqrc has 0 polygons
2026-03-06 16:34:18 +0100: Memory Usage (442220K) : biwind_drw has 0 polygons
2026-03-06 16:34:18 +0100: Memory Usage (442220K) : biwind_opc has 0 polygons
2026-03-06 16:34:18 +0100: Memory Usage (442220K) : pemwind_drw has 0 polygons
2026-03-06 16:34:18 +0100: Memory Usage (442476K) : gatpoly_drw has 84 polygons
2026-03-06 16:34:18 +0100: Memory Usage (442476K) : gatpoly_pin has 28 polygons
2026-03-06 16:34:18 +0100: Memory Usage (442476K) : gatpoly_filler has 0 polygons
2026-03-06 16:34:18 +0100: Memory Usage (442476K) : gatpoly_nofill has 0 polygons
2026-03-06 16:34:18 +0100: Memory Usage (442476K) : gatpoly_opc has 0 polygons
2026-03-06 16:34:18 +0100: Memory Usage (442476K) : gatpoly_iopc has 0 polygons
2026-03-06 16:34:18 +0100: Memory Usage (442476K) : gatpoly_noqrc has 0 polygons
2026-03-06 16:34:18 +0100: Memory Usage (442476K) : cont_drw has 124 polygons
2026-03-06 16:34:18 +0100: Memory Usage (442476K) : cont_opc has 0 polygons
2026-03-06 16:34:18 +0100: Memory Usage (442476K) : nsd_drw has 0 polygons
2026-03-06 16:34:18 +0100: Memory Usage (442476K) : nsd_block has 0 polygons
2026-03-06 16:34:18 +0100: Memory Usage (442604K) : metal1_drw has 211 polygons
2026-03-06 16:34:18 +0100: Memory Usage (442604K) : metal1_pin has 71 polygons
2026-03-06 16:34:18 +0100: Memory Usage (442604K) : metal1_mask has 0 polygons
2026-03-06 16:34:18 +0100: Memory Usage (442604K) : metal1_filler has 0 polygons
2026-03-06 16:34:18 +0100: Memory Usage (442860K) : metal1_nofill has 0 polygons
2026-03-06 16:34:18 +0100: Memory Usage (442860K) : metal1_slit has 0 polygons
2026-03-06 16:34:18 +0100: Memory Usage (442988K) : metal1_text has 43 polygons
2026-03-06 16:34:18 +0100: Memory Usage (442988K) : metal1_opc has 0 polygons
2026-03-06 16:34:18 +0100: Memory Usage (442988K) : metal1_noqrc has 0 polygons
2026-03-06 16:34:18 +0100: Memory Usage (442988K) : metal1_res has 0 polygons
2026-03-06 16:34:18 +0100: Memory Usage (443116K) : metal1_iprobe has 0 polygons
2026-03-06 16:34:18 +0100: Memory Usage (443116K) : metal1_diffprb has 0 polygons
2026-03-06 16:34:18 +0100: Memory Usage (443244K) : passiv_drw has 0 polygons
2026-03-06 16:34:18 +0100: Memory Usage (443244K) : passiv_pin has 0 polygons
2026-03-06 16:34:18 +0100: Memory Usage (443244K) : passiv_sbump has 0 polygons
2026-03-06 16:34:18 +0100: Memory Usage (443372K) : passiv_pillar has 0 polygons
2026-03-06 16:34:18 +0100: Memory Usage (443372K) : passiv_pdl has 0 polygons
2026-03-06 16:34:18 +0100: Memory Usage (443500K) : metal2_drw has 69 polygons
2026-03-06 16:34:18 +0100: Memory Usage (443500K) : metal2_pin has 2 polygons
2026-03-06 16:34:18 +0100: Memory Usage (443628K) : metal2_mask has 0 polygons
2026-03-06 16:34:18 +0100: Memory Usage (443628K) : metal2_filler has 0 polygons
2026-03-06 16:34:18 +0100: Memory Usage (443756K) : metal2_nofill has 0 polygons
2026-03-06 16:34:18 +0100: Memory Usage (443756K) : metal2_slit has 0 polygons
2026-03-06 16:34:18 +0100: Memory Usage (443756K) : metal2_text has 2 polygons
2026-03-06 16:34:18 +0100: Memory Usage (443884K) : metal2_opc has 0 polygons
2026-03-06 16:34:18 +0100: Memory Usage (443884K) : metal2_noqrc has 0 polygons
2026-03-06 16:34:18 +0100: Memory Usage (444012K) : metal2_res has 0 polygons
2026-03-06 16:34:18 +0100: Memory Usage (444140K) : metal2_iprobe has 0 polygons
2026-03-06 16:34:18 +0100: Memory Usage (444140K) : metal2_diffprb has 0 polygons
2026-03-06 16:34:18 +0100: Memory Usage (444140K) : baspoly_drw has 0 polygons
2026-03-06 16:34:18 +0100: Memory Usage (444268K) : baspoly_pin has 0 polygons
2026-03-06 16:34:18 +0100: Memory Usage (444268K) : psd_drw has 29 polygons
2026-03-06 16:34:18 +0100: Memory Usage (444396K) : nldb_drw has 0 polygons
2026-03-06 16:34:18 +0100: Memory Usage (444396K) : digibnd_drw has 0 polygons
2026-03-06 16:34:18 +0100: Memory Usage (444524K) : via1_drw has 30 polygons
2026-03-06 16:34:18 +0100: Memory Usage (444524K) : backmetal1_drw has 0 polygons
2026-03-06 16:34:18 +0100: Memory Usage (444524K) : backmetal1_pin has 0 polygons
2026-03-06 16:34:18 +0100: Memory Usage (444652K) : backmetal1_mask has 0 polygons
2026-03-06 16:34:18 +0100: Memory Usage (444652K) : backmetal1_filler has 0 polygons
2026-03-06 16:34:18 +0100: Memory Usage (444780K) : backmetal1_nofill has 0 polygons
2026-03-06 16:34:18 +0100: Memory Usage (444780K) : backmetal1_slit has 0 polygons
2026-03-06 16:34:18 +0100: Memory Usage (444908K) : backmetal1_text has 0 polygons
2026-03-06 16:34:18 +0100: Memory Usage (444908K) : backmetal1_opc has 0 polygons
2026-03-06 16:34:18 +0100: Memory Usage (444908K) : backmetal1_noqrc has 0 polygons
2026-03-06 16:34:18 +0100: Memory Usage (445036K) : backmetal1_res has 0 polygons
2026-03-06 16:34:18 +0100: Memory Usage (445036K) : backmetal1_iprobe has 0 polygons
2026-03-06 16:34:18 +0100: Memory Usage (445164K) : backmetal1_diffprb has 0 polygons
2026-03-06 16:34:18 +0100: Memory Usage (445164K) : backpassiv_drw has 0 polygons
2026-03-06 16:34:18 +0100: Memory Usage (445292K) : res_drw has 0 polygons
2026-03-06 16:34:18 +0100: Memory Usage (445292K) : sram_drw has 0 polygons
2026-03-06 16:34:18 +0100: Memory Usage (445292K) : trans_drw has 0 polygons
2026-03-06 16:34:18 +0100: Memory Usage (445420K) : ind_drw has 0 polygons
2026-03-06 16:34:18 +0100: Memory Usage (445548K) : ind_pin has 0 polygons
2026-03-06 16:34:18 +0100: Memory Usage (445548K) : ind_text has 0 polygons
2026-03-06 16:34:18 +0100: Memory Usage (445676K) : salblock_drw has 0 polygons
2026-03-06 16:34:18 +0100: Memory Usage (445676K) : via2_drw has 18 polygons
2026-03-06 16:34:18 +0100: Memory Usage (445804K) : metal3_drw has 28 polygons
2026-03-06 16:34:18 +0100: Memory Usage (445804K) : metal3_pin has 2 polygons
2026-03-06 16:34:18 +0100: Memory Usage (445932K) : metal3_mask has 0 polygons
2026-03-06 16:34:18 +0100: Memory Usage (445932K) : metal3_filler has 0 polygons
2026-03-06 16:34:18 +0100: Memory Usage (446060K) : metal3_nofill has 0 polygons
2026-03-06 16:34:18 +0100: Memory Usage (446060K) : metal3_slit has 0 polygons
2026-03-06 16:34:18 +0100: Memory Usage (446188K) : metal3_text has 0 polygons
2026-03-06 16:34:18 +0100: Memory Usage (446188K) : metal3_opc has 0 polygons
2026-03-06 16:34:18 +0100: Memory Usage (446188K) : metal3_noqrc has 0 polygons
2026-03-06 16:34:18 +0100: Memory Usage (446316K) : metal3_res has 0 polygons
2026-03-06 16:34:18 +0100: Memory Usage (446316K) : metal3_iprobe has 0 polygons
2026-03-06 16:34:18 +0100: Memory Usage (446444K) : metal3_diffprb has 0 polygons
2026-03-06 16:34:18 +0100: Memory Usage (446572K) : nwell_drw has 28 polygons
2026-03-06 16:34:18 +0100: Memory Usage (446572K) : nwell_pin has 0 polygons
2026-03-06 16:34:18 +0100: Memory Usage (446700K) : nbulay_drw has 0 polygons
2026-03-06 16:34:18 +0100: Memory Usage (446700K) : nbulay_pin has 0 polygons
2026-03-06 16:34:18 +0100: Memory Usage (446700K) : nbulay_block has 0 polygons
2026-03-06 16:34:18 +0100: Memory Usage (446828K) : emwind_drw has 0 polygons
2026-03-06 16:34:18 +0100: Memory Usage (446956K) : emwind_opc has 0 polygons
2026-03-06 16:34:18 +0100: Memory Usage (446956K) : deepco_drw has 0 polygons
2026-03-06 16:34:18 +0100: Memory Usage (447084K) : deepco_drw has 0 polygons
2026-03-06 16:34:18 +0100: Memory Usage (447084K) : mim_drw has 0 polygons
2026-03-06 16:34:18 +0100: Memory Usage (447212K) : edgeseal_drw has 0 polygons
2026-03-06 16:34:18 +0100: Memory Usage (447212K) : edgeseal_bound has 0 polygons
2026-03-06 16:34:18 +0100: Memory Usage (447340K) : substrate_drw has 20 polygons
2026-03-06 16:34:18 +0100: Memory Usage (447340K) : substrate_text has 0 polygons
2026-03-06 16:34:18 +0100: Memory Usage (447468K) : dfpad_drw has 0 polygons
2026-03-06 16:34:18 +0100: Memory Usage (447468K) : dfpad_pillar has 0 polygons
2026-03-06 16:34:18 +0100: Memory Usage (447596K) : dfpad_sbump has 0 polygons
2026-03-06 16:34:18 +0100: Memory Usage (447596K) : thickgateox_drw has 0 polygons
2026-03-06 16:34:18 +0100: Memory Usage (447596K) : pldb_drw has 0 polygons
2026-03-06 16:34:18 +0100: Memory Usage (447724K) : pwell_drw has 0 polygons
2026-03-06 16:34:18 +0100: Memory Usage (447724K) : pwell_pin has 0 polygons
2026-03-06 16:34:18 +0100: Memory Usage (447852K) : pwell_block has 0 polygons
2026-03-06 16:34:18 +0100: Memory Usage (447852K) : ic_drw has 0 polygons
2026-03-06 16:34:18 +0100: Memory Usage (447980K) : via3_drw has 0 polygons
2026-03-06 16:34:18 +0100: Memory Usage (447980K) : metal4_drw has 0 polygons
2026-03-06 16:34:18 +0100: Memory Usage (448108K) : metal4_pin has 0 polygons
2026-03-06 16:34:18 +0100: Memory Usage (448108K) : metal4_mask has 0 polygons
2026-03-06 16:34:18 +0100: Memory Usage (448236K) : metal4_filler has 0 polygons
2026-03-06 16:34:18 +0100: Memory Usage (448236K) : metal4_nofill has 0 polygons
2026-03-06 16:34:18 +0100: Memory Usage (448364K) : metal4_slit has 0 polygons
2026-03-06 16:34:18 +0100: Memory Usage (448364K) : metal4_text has 0 polygons
2026-03-06 16:34:18 +0100: Memory Usage (448364K) : metal4_opc has 0 polygons
2026-03-06 16:34:18 +0100: Memory Usage (448492K) : metal4_noqrc has 0 polygons
2026-03-06 16:34:18 +0100: Memory Usage (448492K) : metal4_res has 0 polygons
2026-03-06 16:34:18 +0100: Memory Usage (448620K) : metal4_iprobe has 0 polygons
2026-03-06 16:34:18 +0100: Memory Usage (448748K) : metal4_diffprb has 0 polygons
2026-03-06 16:34:18 +0100: Memory Usage (448748K) : heattrans_drw has 28 polygons
2026-03-06 16:34:18 +0100: Memory Usage (448748K) : heatres_drw has 0 polygons
2026-03-06 16:34:18 +0100: Memory Usage (448876K) : pempoly_drw has 0 polygons
2026-03-06 16:34:18 +0100: Memory Usage (448876K) : fbe_drw has 0 polygons
2026-03-06 16:34:18 +0100: Memory Usage (449004K) : empoly_drw has 0 polygons
2026-03-06 16:34:18 +0100: Memory Usage (449004K) : ldmos_drw has 0 polygons
2026-03-06 16:34:18 +0100: Memory Usage (449132K) : pbiwind_drw has 0 polygons
2026-03-06 16:34:18 +0100: Memory Usage (449260K) : digisub_drw has 0 polygons
2026-03-06 16:34:18 +0100: Memory Usage (449260K) : nodrc_drw has 0 polygons
2026-03-06 16:34:18 +0100: Memory Usage (449260K) : text_drw has 32 polygons
2026-03-06 16:34:18 +0100: Memory Usage (449388K) : via4_drw has 0 polygons
2026-03-06 16:34:18 +0100: Memory Usage (449388K) : metal5_drw has 0 polygons
2026-03-06 16:34:18 +0100: Memory Usage (449516K) : metal5_pin has 0 polygons
2026-03-06 16:34:18 +0100: Memory Usage (449516K) : metal5_mask has 0 polygons
2026-03-06 16:34:18 +0100: Memory Usage (449644K) : metal5_filler has 0 polygons
2026-03-06 16:34:18 +0100: Memory Usage (449644K) : metal5_nofill has 0 polygons
2026-03-06 16:34:18 +0100: Memory Usage (449644K) : metal5_slit has 0 polygons
2026-03-06 16:34:18 +0100: Memory Usage (449772K) : metal5_text has 0 polygons
2026-03-06 16:34:18 +0100: Memory Usage (449772K) : metal5_opc has 0 polygons
2026-03-06 16:34:18 +0100: Memory Usage (449900K) : metal5_noqrc has 0 polygons
2026-03-06 16:34:18 +0100: Memory Usage (449900K) : metal5_res has 0 polygons
2026-03-06 16:34:18 +0100: Memory Usage (450028K) : metal5_iprobe has 0 polygons
2026-03-06 16:34:18 +0100: Memory Usage (450028K) : metal5_diffprb has 0 polygons
2026-03-06 16:34:18 +0100: Memory Usage (450156K) : radhard_drw has 0 polygons
2026-03-06 16:34:18 +0100: Memory Usage (450156K) : memcap_drw has 0 polygons
2026-03-06 16:34:18 +0100: Memory Usage (450284K) : varicap_drw has 0 polygons
2026-03-06 16:34:18 +0100: Memory Usage (450412K) : flash_drw has 0 polygons
2026-03-06 16:34:18 +0100: Memory Usage (450412K) : intbondvia_drw has 0 polygons
2026-03-06 16:34:18 +0100: Memory Usage (450540K) : intbondmet_drw has 0 polygons
2026-03-06 16:34:18 +0100: Memory Usage (450540K) : devbondvia_drw has 0 polygons
2026-03-06 16:34:18 +0100: Memory Usage (450540K) : devbondmet_drw has 0 polygons
2026-03-06 16:34:18 +0100: Memory Usage (450668K) : devtrench_drw has 0 polygons
2026-03-06 16:34:18 +0100: Memory Usage (450668K) : redist_drw has 0 polygons
2026-03-06 16:34:18 +0100: Memory Usage (450796K) : graphbot_drw has 0 polygons
2026-03-06 16:34:18 +0100: Memory Usage (450796K) : graphtop_drw has 0 polygons
2026-03-06 16:34:18 +0100: Memory Usage (450924K) : antvia1_drw has 0 polygons
2026-03-06 16:34:18 +0100: Memory Usage (450924K) : antmetal2_drw has 0 polygons
2026-03-06 16:34:18 +0100: Memory Usage (451052K) : graphcont_drw has 0 polygons
2026-03-06 16:34:18 +0100: Memory Usage (451052K) : siwg_drw has 0 polygons
2026-03-06 16:34:18 +0100: Memory Usage (451052K) : siwg_filler has 0 polygons
2026-03-06 16:34:18 +0100: Memory Usage (451180K) : siwg_nofill has 0 polygons
2026-03-06 16:34:18 +0100: Memory Usage (451308K) : sigrating_drw has 0 polygons
2026-03-06 16:34:18 +0100: Memory Usage (451308K) : singrating_drw has 0 polygons
2026-03-06 16:34:18 +0100: Memory Usage (451436K) : graphpas_drw has 0 polygons
2026-03-06 16:34:18 +0100: Memory Usage (451436K) : emwind3_drw has 0 polygons
2026-03-06 16:34:18 +0100: Memory Usage (451436K) : emwihv3_drw has 0 polygons
2026-03-06 16:34:18 +0100: Memory Usage (451564K) : redbulay_drw has 0 polygons
2026-03-06 16:34:18 +0100: Memory Usage (451564K) : smos_drw has 0 polygons
2026-03-06 16:34:18 +0100: Memory Usage (451692K) : graphpad_drw has 0 polygons
2026-03-06 16:34:18 +0100: Memory Usage (451692K) : polimide_drw has 0 polygons
2026-03-06 16:34:18 +0100: Memory Usage (451692K) : polimide_pin has 0 polygons
2026-03-06 16:34:18 +0100: Memory Usage (451820K) : recog_drw has 0 polygons
2026-03-06 16:34:18 +0100: Memory Usage (451948K) : recog_pin has 0 polygons
2026-03-06 16:34:18 +0100: Memory Usage (451948K) : recog_esd has 0 polygons
2026-03-06 16:34:18 +0100: Memory Usage (452076K) : recog_diode has 0 polygons
2026-03-06 16:34:18 +0100: Memory Usage (452076K) : recog_tsv has 0 polygons
2026-03-06 16:34:18 +0100: Memory Usage (452204K) : recog_iprobe has 0 polygons
2026-03-06 16:34:18 +0100: Memory Usage (452204K) : recog_diffprb has 0 polygons
2026-03-06 16:34:18 +0100: Memory Usage (452204K) : recog_pillar has 0 polygons
2026-03-06 16:34:18 +0100: Memory Usage (452332K) : recog_sbump has 0 polygons
2026-03-06 16:34:18 +0100: Memory Usage (452332K) : recog_otp has 0 polygons
2026-03-06 16:34:18 +0100: Memory Usage (452460K) : recog_pdiode has 0 polygons
2026-03-06 16:34:18 +0100: Memory Usage (452460K) : recog_mom has 0 polygons
2026-03-06 16:34:18 +0100: Memory Usage (452460K) : recog_pcm has 0 polygons
2026-03-06 16:34:18 +0100: Memory Usage (452588K) : colopen_drw has 0 polygons
2026-03-06 16:34:18 +0100: Memory Usage (452588K) : graphmetal1_drw has 0 polygons
2026-03-06 16:34:18 +0100: Memory Usage (452588K) : graphmetal1_filler has 0 polygons
2026-03-06 16:34:18 +0100: Memory Usage (452588K) : graphmetal1_nofill has 0 polygons
2026-03-06 16:34:18 +0100: Memory Usage (452716K) : graphmetal1_slit has 0 polygons
2026-03-06 16:34:18 +0100: Memory Usage (452716K) : graphmetal1_opc has 0 polygons
2026-03-06 16:34:18 +0100: Memory Usage (452716K) : graphmet1l_drw has 0 polygons
2026-03-06 16:34:18 +0100: Memory Usage (452844K) : graphmet1l_filler has 0 polygons
2026-03-06 16:34:18 +0100: Memory Usage (452844K) : graphmet1l_nofill has 0 polygons
2026-03-06 16:34:18 +0100: Memory Usage (452844K) : graphmet1l_slit has 0 polygons
2026-03-06 16:34:18 +0100: Memory Usage (452972K) : graphmet1l_opc has 0 polygons
2026-03-06 16:34:18 +0100: Memory Usage (452972K) : extblock_drw has 0 polygons
2026-03-06 16:34:18 +0100: Memory Usage (452972K) : nldd_drw has 0 polygons
2026-03-06 16:34:18 +0100: Memory Usage (453100K) : pldd_drw has 0 polygons
2026-03-06 16:34:18 +0100: Memory Usage (453100K) : next_drw has 0 polygons
2026-03-06 16:34:18 +0100: Memory Usage (453100K) : pext_drw has 0 polygons
2026-03-06 16:34:18 +0100: Memory Usage (453228K) : nexthv_drw has 0 polygons
2026-03-06 16:34:18 +0100: Memory Usage (453228K) : pexthv_drw has 0 polygons
2026-03-06 16:34:18 +0100: Memory Usage (453356K) : graphgate_drw has 0 polygons
2026-03-06 16:34:18 +0100: Memory Usage (453356K) : sinwg_drw has 0 polygons
2026-03-06 16:34:18 +0100: Memory Usage (453484K) : sinwg_filler has 0 polygons
2026-03-06 16:34:18 +0100: Memory Usage (453484K) : sinwg_nofill has 0 polygons
2026-03-06 16:34:18 +0100: Memory Usage (453484K) : mempad_drw has 0 polygons
2026-03-06 16:34:18 +0100: Memory Usage (453612K) : topvia1_drw has 0 polygons
2026-03-06 16:34:18 +0100: Memory Usage (453612K) : topmetal1_drw has 0 polygons
2026-03-06 16:34:18 +0100: Memory Usage (453740K) : topmetal1_pin has 0 polygons
2026-03-06 16:34:18 +0100: Memory Usage (453740K) : topmetal1_mask has 0 polygons
2026-03-06 16:34:18 +0100: Memory Usage (453868K) : topmetal1_filler has 0 polygons
2026-03-06 16:34:18 +0100: Memory Usage (453868K) : topmetal1_nofill has 0 polygons
2026-03-06 16:34:18 +0100: Memory Usage (453868K) : topmetal1_slit has 0 polygons
2026-03-06 16:34:18 +0100: Memory Usage (453996K) : topmetal1_text has 0 polygons
2026-03-06 16:34:18 +0100: Memory Usage (453996K) : topmetal1_noqrc has 0 polygons
2026-03-06 16:34:18 +0100: Memory Usage (453996K) : topmetal1_res has 0 polygons
2026-03-06 16:34:18 +0100: Memory Usage (453996K) : topmetal1_iprobe has 0 polygons
2026-03-06 16:34:18 +0100: Memory Usage (454124K) : topmetal1_diffprb has 0 polygons
2026-03-06 16:34:18 +0100: Memory Usage (454124K) : inldpwl_drw has 0 polygons
2026-03-06 16:34:18 +0100: Memory Usage (454124K) : polyres_drw has 0 polygons
2026-03-06 16:34:18 +0100: Memory Usage (454252K) : polyres_pin has 0 polygons
2026-03-06 16:34:18 +0100: Memory Usage (454252K) : vmim_drw has 0 polygons
2026-03-06 16:34:18 +0100: Memory Usage (454252K) : nbulaycut_drw has 0 polygons
2026-03-06 16:34:18 +0100: Memory Usage (454380K) : antmetal1_drw has 0 polygons
2026-03-06 16:34:18 +0100: Memory Usage (454380K) : topvia2_drw has 0 polygons
2026-03-06 16:34:18 +0100: Memory Usage (454508K) : topmetal2_drw has 0 polygons
2026-03-06 16:34:18 +0100: Memory Usage (454508K) : topmetal2_pin has 0 polygons
2026-03-06 16:34:18 +0100: Memory Usage (454508K) : topmetal2_mask has 0 polygons
2026-03-06 16:34:18 +0100: Memory Usage (454636K) : topmetal2_filler has 0 polygons
2026-03-06 16:34:18 +0100: Memory Usage (454636K) : topmetal2_nofill has 0 polygons
2026-03-06 16:34:18 +0100: Memory Usage (454764K) : topmetal2_slit has 0 polygons
2026-03-06 16:34:18 +0100: Memory Usage (454764K) : topmetal2_text has 0 polygons
2026-03-06 16:34:18 +0100: Memory Usage (454764K) : topmetal2_noqrc has 0 polygons
2026-03-06 16:34:18 +0100: Memory Usage (454892K) : topmetal2_res has 0 polygons
2026-03-06 16:34:18 +0100: Memory Usage (454892K) : topmetal2_iprobe has 0 polygons
2026-03-06 16:34:18 +0100: Memory Usage (455020K) : topmetal2_diffprb has 0 polygons
2026-03-06 16:34:18 +0100: Memory Usage (455020K) : snsring_drw has 0 polygons
2026-03-06 16:34:18 +0100: Memory Usage (455020K) : sensor_drw has 0 polygons
2026-03-06 16:34:18 +0100: Memory Usage (455148K) : snsarms_drw has 0 polygons
2026-03-06 16:34:18 +0100: Memory Usage (455148K) : snscmosvia_drw has 0 polygons
2026-03-06 16:34:18 +0100: Memory Usage (455276K) : colwind_drw has 0 polygons
2026-03-06 16:34:18 +0100: Memory Usage (455276K) : flm_drw has 0 polygons
2026-03-06 16:34:18 +0100: Memory Usage (455404K) : hafniumox_drw has 0 polygons
2026-03-06 16:34:18 +0100: Memory Usage (455404K) : memvia_drw has 0 polygons
2026-03-06 16:34:18 +0100: Memory Usage (455404K) : thinfilmres_drw has 0 polygons
2026-03-06 16:34:18 +0100: Memory Usage (455532K) : rfmem_drw has 0 polygons
2026-03-06 16:34:18 +0100: Memory Usage (455532K) : norcx_drw has 0 polygons
2026-03-06 16:34:18 +0100: Memory Usage (455660K) : norcx_m2m3 has 0 polygons
2026-03-06 16:34:18 +0100: Memory Usage (455660K) : norcx_m2m4 has 0 polygons
2026-03-06 16:34:18 +0100: Memory Usage (455788K) : norcx_m2m5 has 0 polygons
2026-03-06 16:34:18 +0100: Memory Usage (455788K) : norcx_m2tm1 has 0 polygons
2026-03-06 16:34:18 +0100: Memory Usage (455916K) : norcx_m2tm2 has 0 polygons
2026-03-06 16:34:18 +0100: Memory Usage (455916K) : norcx_m3m4 has 0 polygons
2026-03-06 16:34:18 +0100: Memory Usage (455916K) : norcx_m3m5 has 0 polygons
2026-03-06 16:34:18 +0100: Memory Usage (456044K) : norcx_m3tm1 has 0 polygons
2026-03-06 16:34:18 +0100: Memory Usage (456044K) : norcx_m3tm2 has 0 polygons
2026-03-06 16:34:18 +0100: Memory Usage (456172K) : norcx_m4m5 has 0 polygons
2026-03-06 16:34:18 +0100: Memory Usage (456172K) : norcx_m4tm1 has 0 polygons
2026-03-06 16:34:18 +0100: Memory Usage (456172K) : norcx_m4tm2 has 0 polygons
2026-03-06 16:34:18 +0100: Memory Usage (456172K) : norcx_m5tm1 has 0 polygons
2026-03-06 16:34:18 +0100: Memory Usage (456172K) : norcx_m5tm2 has 0 polygons
2026-03-06 16:34:18 +0100: Memory Usage (456300K) : norcx_tm1tm2 has 0 polygons
2026-03-06 16:34:18 +0100: Memory Usage (456300K) : norcx_m1sub has 0 polygons
2026-03-06 16:34:18 +0100: Memory Usage (456300K) : norcx_m2sub has 0 polygons
2026-03-06 16:34:18 +0100: Memory Usage (456300K) : norcx_m3sub has 0 polygons
2026-03-06 16:34:18 +0100: Memory Usage (456428K) : norcx_m4sub has 0 polygons
2026-03-06 16:34:18 +0100: Memory Usage (456428K) : norcx_m5sub has 0 polygons
2026-03-06 16:34:18 +0100: Memory Usage (456428K) : norcx_tm1sub has 0 polygons
2026-03-06 16:34:18 +0100: Memory Usage (456556K) : norcx_tm2sub has 0 polygons
2026-03-06 16:34:18 +0100: Memory Usage (456556K) : snsbotvia_drw has 0 polygons
2026-03-06 16:34:18 +0100: Memory Usage (456556K) : snstopvia_drw has 0 polygons
2026-03-06 16:34:18 +0100: Memory Usage (456684K) : deepvia_drw has 0 polygons
2026-03-06 16:34:18 +0100: Memory Usage (456684K) : fgetch_drw has 0 polygons
2026-03-06 16:34:18 +0100: Memory Usage (456684K) : ctrgat_drw has 0 polygons
2026-03-06 16:34:18 +0100: Memory Usage (456684K) : fgimp_drw has 0 polygons
2026-03-06 16:34:18 +0100: Memory Usage (456812K) : emwihv_drw has 0 polygons
2026-03-06 16:34:18 +0100: Memory Usage (456812K) : lbe_drw has 0 polygons
2026-03-06 16:34:18 +0100: Memory Usage (456812K) : alcustop_drw has 0 polygons
2026-03-06 16:34:18 +0100: Memory Usage (456940K) : nometfiller_drw has 0 polygons
2026-03-06 16:34:18 +0100: Memory Usage (456940K) : prboundary_drw has 0 polygons
2026-03-06 16:34:18 +0100: Memory Usage (456940K) : exchange0_drw has 0 polygons
2026-03-06 16:34:18 +0100: Memory Usage (456940K) : exchange0_pin has 0 polygons
2026-03-06 16:34:18 +0100: Memory Usage (457068K) : exchange0_text has 0 polygons
2026-03-06 16:34:18 +0100: Memory Usage (457068K) : exchange1_drw has 0 polygons
2026-03-06 16:34:18 +0100: Memory Usage (457068K) : exchange1_pin has 0 polygons
2026-03-06 16:34:18 +0100: Memory Usage (457196K) : exchange1_text has 0 polygons
2026-03-06 16:34:18 +0100: Memory Usage (457196K) : exchange2_drw has 0 polygons
2026-03-06 16:34:18 +0100: Memory Usage (457196K) : exchange2_pin has 0 polygons
2026-03-06 16:34:18 +0100: Memory Usage (457324K) : exchange2_text has 0 polygons
2026-03-06 16:34:18 +0100: Memory Usage (457324K) : exchange3_drw has 0 polygons
2026-03-06 16:34:18 +0100: Memory Usage (457324K) : exchange3_pin has 0 polygons
2026-03-06 16:34:18 +0100: Memory Usage (457324K) : exchange3_text has 0 polygons
2026-03-06 16:34:18 +0100: Memory Usage (457452K) : exchange4_drw has 0 polygons
2026-03-06 16:34:18 +0100: Memory Usage (457452K) : exchange4_pin has 0 polygons
2026-03-06 16:34:18 +0100: Memory Usage (457580K) : exchange4_text has 0 polygons
2026-03-06 16:34:18 +0100: Memory Usage (457580K) : isonwell_drw has 0 polygons
2026-03-06 16:34:18 +0100: Memory Usage (457580K) : Total no. of polygons in the design is 956
2026-03-06 16:34:18 +0100: Memory Usage (457580K) : Loaded TECH DRC rules values from /foss/pdks/ihp-sg13g2/libs.tech/klayout/python/sg13g2_pycell_lib/sg13g2_tech_mod.json
2026-03-06 16:34:18 +0100: Memory Usage (457580K) : Loaded default DRC rules values from /foss/pdks/ihp-sg13g2/libs.tech/klayout/tech/drc/rule_decks/sg13g2_tech_default.json
2026-03-06 16:34:18 +0100: Memory Usage (457580K) : The following rules values were missing in tech json and default values were used:
2026-03-06 16:34:18 +0100: Memory Usage (457580K) :   - Cnt_c_digibnd
2026-03-06 16:34:18 +0100: Memory Usage (458988K) : Total area of the design is 62.40375 um^2.
2026-03-06 16:34:18 +0100: Memory Usage (458988K) : The design dimensions are 10.75 µm * 5.805 µm.
2026-03-06 16:34:18 +0100: Memory Usage (458988K) : Starting general IHP-SG13G2 derivations.
2026-03-06 16:34:18 +0100: Memory Usage (458988K) : Starting Pwell derivations
2026-03-06 16:34:18 +0100: Memory Usage (461112K) : Starting n-Activ derivations
2026-03-06 16:34:18 +0100: Memory Usage (461880K) : Starting p-Activ derivations
2026-03-06 16:34:18 +0100: Memory Usage (461880K) : Starting ptap derivations
2026-03-06 16:34:18 +0100: Memory Usage (462008K) : Starting ntap derivations
2026-03-06 16:34:18 +0100: Memory Usage (462008K) : Starting pact FET derivations
2026-03-06 16:34:18 +0100: Memory Usage (462008K) : Starting nact FET derivations
2026-03-06 16:34:18 +0100: Memory Usage (462136K) : Starting Gate derivations
2026-03-06 16:34:18 +0100: Memory Usage (462264K) : Starting cont/contbar general derivations
2026-03-06 16:34:18 +0100: Memory Usage (462392K) : Starting pad general derivations
2026-03-06 16:34:18 +0100: Memory Usage (462648K) : Starting IHP-SG13G2 DRC connectivity related derivations.
2026-03-06 16:34:18 +0100: Memory Usage (463672K) : Starting IHP-SG13G2 DRC connectivity setup
2026-03-06 16:34:18 +0100: Memory Usage (464312K) : Starting IHP-SG13G2 DRC rules.
2026-03-06 16:34:18 +0100: Memory Usage (464312K) : Running all FEOL rules
2026-03-06 16:34:18 +0100: Memory Usage (464312K) : Running all BEOL rules
2026-03-06 16:34:18 +0100: Memory Usage (464312K) : Running all PIN rules
2026-03-06 16:34:18 +0100: Memory Usage (464312K) : Running all FORBIDDEN rules
2026-03-06 16:34:18 +0100: Memory Usage (464312K) : Starting 5.1 NWell table
2026-03-06 16:34:18 +0100: Memory Usage (464312K) : Executing rule NW.b
2026-03-06 16:34:18 +0100: Memory Usage (465140K) : Executing rule NW.b1
2026-03-06 16:34:18 +0100: Memory Usage (465396K) : Starting 5.2 PWell:block
2026-03-06 16:34:18 +0100: Memory Usage (465396K) : Executing rule PWB.e
2026-03-06 16:34:18 +0100: Memory Usage (465524K) : Executing rule PWB.e1
2026-03-06 16:34:18 +0100: Memory Usage (465780K) : Executing rule PWB.f
2026-03-06 16:34:18 +0100: Memory Usage (465908K) : Executing rule PWB.f1
2026-03-06 16:34:18 +0100: Memory Usage (466420K) : Starting 5.3 nBuLay table
2026-03-06 16:34:18 +0100: Memory Usage (466676K) : Executing rule NBL.b
2026-03-06 16:34:18 +0100: Memory Usage (466676K) : Executing rule NBL.c
2026-03-06 16:34:18 +0100: Memory Usage (466676K) : Executing rule NBL.d
2026-03-06 16:34:18 +0100: Memory Usage (466676K) : Executing rule NBL.e
2026-03-06 16:34:18 +0100: Memory Usage (466676K) : Executing rule NBL.f
2026-03-06 16:34:18 +0100: Memory Usage (466676K) : Starting 5.5. Activ table
2026-03-06 16:34:18 +0100: Memory Usage (466676K) : Executing rule Act.a
2026-03-06 16:34:18 +0100: Memory Usage (466676K) : Executing rule Act.b
2026-03-06 16:34:18 +0100: Memory Usage (466804K) : Starting 5.6 Activ:filler table
2026-03-06 16:34:18 +0100: Memory Usage (466804K) : Executing rule AFil.c1
2026-03-06 16:34:18 +0100: Memory Usage (466804K) : Executing rule AFil.c
2026-03-06 16:34:18 +0100: Memory Usage (466804K) : Executing rule AFil.d
2026-03-06 16:34:18 +0100: Memory Usage (466804K) : Executing rule AFil.e
2026-03-06 16:34:18 +0100: Memory Usage (466804K) : Executing rule AFil.j
2026-03-06 16:34:18 +0100: Memory Usage (466804K) : Starting 5.7. ThickGateOx table
2026-03-06 16:34:18 +0100: Memory Usage (466804K) : Executing rule TGO.f
2026-03-06 16:34:18 +0100: Memory Usage (466804K) : Starting 5.8. GatPoly table
2026-03-06 16:34:18 +0100: Memory Usage (466804K) : Executing rule Gat.a
2026-03-06 16:34:18 +0100: Memory Usage (466804K) : Executing rule Gat.b
2026-03-06 16:34:18 +0100: Memory Usage (466804K) : Executing rule Gat.d
2026-03-06 16:34:18 +0100: Memory Usage (466804K) : Executing rule Gat.a1
2026-03-06 16:34:18 +0100: Memory Usage (467060K) : Executing rule Gat.a2
2026-03-06 16:34:18 +0100: Memory Usage (467060K) : Executing rule Gat.g
2026-03-06 16:34:18 +0100: Memory Usage (467060K) : Starting 5.9 GatPoly:filler
2026-03-06 16:34:18 +0100: Memory Usage (467060K) : Executing rule GFil.d
2026-03-06 16:34:18 +0100: Memory Usage (467060K) : Executing rule GFil.e
2026-03-06 16:34:18 +0100: Memory Usage (467060K) : Executing rule GFil.i
2026-03-06 16:34:18 +0100: Memory Usage (467060K) : Starting 5.10 pSD table
2026-03-06 16:34:18 +0100: Memory Usage (467060K) : Executing rule pSD.c1
2026-03-06 16:34:18 +0100: Memory Usage (467060K) : Starting 5.14. Cont table
2026-03-06 16:34:18 +0100: Memory Usage (467060K) : Executing rule Cnt.a
2026-03-06 16:34:18 +0100: Memory Usage (467060K) : Executing rule Cnt.b
2026-03-06 16:34:18 +0100: Memory Usage (467060K) : Executing rule Cnt.c
2026-03-06 16:34:18 +0100: Memory Usage (467060K) : Executing rule Cnt.c
2026-03-06 16:34:18 +0100: Memory Usage (467060K) : Executing rule Cnt.d
2026-03-06 16:34:18 +0100: Memory Usage (467060K) : Executing rule Cnt.e
2026-03-06 16:34:18 +0100: Memory Usage (467060K) : Executing rule Cnt.g1
2026-03-06 16:34:18 +0100: Memory Usage (467060K) : Executing rule Cnt.g2
2026-03-06 16:34:18 +0100: Memory Usage (467060K) : Starting 5.15. ContBar table
2026-03-06 16:34:18 +0100: Memory Usage (467060K) : Executing rule CntB.b1
2026-03-06 16:34:18 +0100: Memory Usage (467060K) : Executing rule CntB.h1
2026-03-06 16:34:18 +0100: Memory Usage (467060K) : Starting 6.1.3 NPN Substrate-Tie table
2026-03-06 16:34:18 +0100: Memory Usage (467060K) : Executing rule npn13G2.bR 
2026-03-06 16:34:18 +0100: Memory Usage (467060K) : Executing rule npn13G2L.cR 
2026-03-06 16:34:18 +0100: Memory Usage (467060K) : Executing rule npn13G2V.cR 
2026-03-06 16:34:18 +0100: Memory Usage (467060K) : Starting 6.7 Schottky diode table
2026-03-06 16:34:18 +0100: Memory Usage (467060K) : Executing rule Sdiod.d
2026-03-06 16:34:18 +0100: Memory Usage (467060K) : Executing rule Sdiod.e
2026-03-06 16:34:18 +0100: Memory Usage (467060K) : Starting 7.2 Latch-up table
2026-03-06 16:34:18 +0100: Memory Usage (467060K) : Executing rule LU.b
2026-03-06 16:34:18 +0100: Memory Usage (467060K) : Starting 5.16. Metal1 table
2026-03-06 16:34:18 +0100: Memory Usage (467060K) : Executing rule M1.a
2026-03-06 16:34:18 +0100: Memory Usage (467188K) : Executing rule M1.b
2026-03-06 16:34:18 +0100: Memory Usage (467188K) : Executing rule M1.e
2026-03-06 16:34:18 +0100: Memory Usage (467444K) : Executing rule M1.f
2026-03-06 16:34:18 +0100: Memory Usage (467572K) : Executing rule M1.g
2026-03-06 16:34:18 +0100: Memory Usage (467828K) : Executing rule M1.i
2026-03-06 16:34:18 +0100: Memory Usage (468084K) : Starting 5.17 Metaln table
2026-03-06 16:34:18 +0100: Memory Usage (468084K) : Executing rule M2.a
2026-03-06 16:34:18 +0100: Memory Usage (468212K) : Executing rule M2.b
2026-03-06 16:34:18 +0100: Memory Usage (468340K) : Executing rule M2.e
2026-03-06 16:34:18 +0100: Memory Usage (468596K) : Executing rule M2.f
2026-03-06 16:34:18 +0100: Memory Usage (468852K) : Executing rule M2.g
2026-03-06 16:34:18 +0100: Memory Usage (469236K) : Executing rule M2.i
2026-03-06 16:34:18 +0100: Memory Usage (469492K) : Executing rule M3.a
2026-03-06 16:34:18 +0100: Memory Usage (469620K) : Executing rule M3.b
2026-03-06 16:34:18 +0100: Memory Usage (469748K) : Executing rule M3.e
2026-03-06 16:34:18 +0100: Memory Usage (470004K) : Executing rule M3.f
2026-03-06 16:34:18 +0100: Memory Usage (470260K) : Executing rule M3.g
2026-03-06 16:34:18 +0100: Memory Usage (470644K) : Executing rule M3.i
2026-03-06 16:34:18 +0100: Memory Usage (470900K) : Executing rule M4.a
2026-03-06 16:34:18 +0100: Memory Usage (471028K) : Executing rule M4.b
2026-03-06 16:34:18 +0100: Memory Usage (471156K) : Executing rule M4.e
2026-03-06 16:34:18 +0100: Memory Usage (471412K) : Executing rule M4.f
2026-03-06 16:34:18 +0100: Memory Usage (471668K) : Executing rule M4.g
2026-03-06 16:34:18 +0100: Memory Usage (472052K) : Executing rule M4.i
2026-03-06 16:34:18 +0100: Memory Usage (472308K) : Executing rule M5.a
2026-03-06 16:34:18 +0100: Memory Usage (472564K) : Executing rule M5.b
2026-03-06 16:34:18 +0100: Memory Usage (472692K) : Executing rule M5.e
2026-03-06 16:34:18 +0100: Memory Usage (472948K) : Executing rule M5.f
2026-03-06 16:34:18 +0100: Memory Usage (473332K) : Executing rule M5.g
2026-03-06 16:34:18 +0100: Memory Usage (473588K) : Executing rule M5.i
2026-03-06 16:34:18 +0100: Memory Usage (473972K) : Starting 5.18 Metaln:filler table
2026-03-06 16:34:18 +0100: Memory Usage (473972K) : Executing rule M1Fil.c
2026-03-06 16:34:18 +0100: Memory Usage (474100K) : Executing rule M1Fil.a2
2026-03-06 16:34:18 +0100: Memory Usage (474228K) : Executing rule M2Fil.c
2026-03-06 16:34:18 +0100: Memory Usage (474484K) : Executing rule M2Fil.a2
2026-03-06 16:34:18 +0100: Memory Usage (474612K) : Executing rule M3Fil.c
2026-03-06 16:34:18 +0100: Memory Usage (474740K) : Executing rule M3Fil.a2
2026-03-06 16:34:18 +0100: Memory Usage (474868K) : Executing rule M4Fil.c
2026-03-06 16:34:18 +0100: Memory Usage (474996K) : Executing rule M4Fil.a2
2026-03-06 16:34:18 +0100: Memory Usage (475124K) : Executing rule M5Fil.c
2026-03-06 16:34:18 +0100: Memory Usage (475252K) : Executing rule M5Fil.a2
2026-03-06 16:34:18 +0100: Memory Usage (475380K) : Starting 5.19. Via1 table
2026-03-06 16:34:18 +0100: Memory Usage (475380K) : Starting 5.19. Via1 table derivations
2026-03-06 16:34:18 +0100: Memory Usage (475508K) : Executing rule V1.a
2026-03-06 16:34:18 +0100: Memory Usage (475764K) : Executing rule V1.b
2026-03-06 16:34:18 +0100: Memory Usage (475764K) : Executing rule V1.c
2026-03-06 16:34:18 +0100: Memory Usage (476020K) : Starting 5.20. Vian table
2026-03-06 16:34:18 +0100: Memory Usage (476020K) : Executing rule V2.a
2026-03-06 16:34:18 +0100: Memory Usage (476404K) : Executing rule V2.b
2026-03-06 16:34:18 +0100: Memory Usage (476532K) : Executing rule V2.c
2026-03-06 16:34:18 +0100: Memory Usage (476532K) : Executing rule V3.a
2026-03-06 16:34:18 +0100: Memory Usage (476532K) : Executing rule V3.b
2026-03-06 16:34:18 +0100: Memory Usage (476532K) : Executing rule V3.c
2026-03-06 16:34:18 +0100: Memory Usage (476532K) : Executing rule V4.a
2026-03-06 16:34:18 +0100: Memory Usage (476532K) : Executing rule V4.b
2026-03-06 16:34:18 +0100: Memory Usage (476532K) : Executing rule V4.c
2026-03-06 16:34:18 +0100: Memory Usage (476532K) : Starting 5.21. TopVia1 table
2026-03-06 16:34:18 +0100: Memory Usage (476532K) : Executing rule TV1.a
2026-03-06 16:34:18 +0100: Memory Usage (476532K) : Executing rule TV1.b
2026-03-06 16:34:18 +0100: Memory Usage (476532K) : Executing rule TV1.c
2026-03-06 16:34:18 +0100: Memory Usage (476532K) : Executing rule TV1.d
2026-03-06 16:34:18 +0100: Memory Usage (476532K) : Starting 5.22. TopMetal1 table
2026-03-06 16:34:18 +0100: Memory Usage (476532K) : Executing rule TM1.a
2026-03-06 16:34:18 +0100: Memory Usage (476532K) : Executing rule TM1.b
2026-03-06 16:34:18 +0100: Memory Usage (476532K) : Starting 5.23 TopMetal1:filler table
2026-03-06 16:34:18 +0100: Memory Usage (476532K) : Executing rule TM1Fil.c
2026-03-06 16:34:18 +0100: Memory Usage (476532K) : Executing rule TM1Fil.a1
2026-03-06 16:34:18 +0100: Memory Usage (476532K) : Starting 5.24. TopVia2 table
2026-03-06 16:34:18 +0100: Memory Usage (476532K) : Executing rule TV2.a
2026-03-06 16:34:18 +0100: Memory Usage (476532K) : Executing rule TV2.b
2026-03-06 16:34:18 +0100: Memory Usage (476532K) : Executing rule TV2.c
2026-03-06 16:34:18 +0100: Memory Usage (476532K) : Executing rule TV2.d
2026-03-06 16:34:18 +0100: Memory Usage (476532K) : Starting 5.25. TopMetal2 table
2026-03-06 16:34:18 +0100: Memory Usage (476532K) : Executing rule TM2.a
2026-03-06 16:34:18 +0100: Memory Usage (476532K) : Executing rule TM2.b
2026-03-06 16:34:18 +0100: Memory Usage (476532K) : Executing rule TM2.bR
2026-03-06 16:34:18 +0100: Memory Usage (476532K) : Starting 5.26 TopMetal2:filler table
2026-03-06 16:34:18 +0100: Memory Usage (476532K) : Executing rule TM2Fil.c
2026-03-06 16:34:18 +0100: Memory Usage (476532K) : Executing rule TM2Fil.a1
2026-03-06 16:34:18 +0100: Memory Usage (476532K) : Starting 5.27. Passiv table
2026-03-06 16:34:18 +0100: Memory Usage (476532K) : Executing rule Pas.a
2026-03-06 16:34:18 +0100: Memory Usage (476532K) : Executing rule Pas.b
2026-03-06 16:34:18 +0100: Memory Usage (476532K) : Executing rule Pas.c
2026-03-06 16:34:18 +0100: Memory Usage (476532K) : Starting 6.9.2 Copper Pillar table
2026-03-06 16:34:18 +0100: Memory Usage (476532K) : Executing rule Padc.a
2026-03-06 16:34:18 +0100: Memory Usage (476532K) : Executing rule Padc.b
2026-03-06 16:34:18 +0100: Memory Usage (476532K) : Executing rule Padc.c
2026-03-06 16:34:18 +0100: Memory Usage (476532K) : Executing rule Padb.f
2026-03-06 16:34:18 +0100: Memory Usage (476532K) : Starting 6.9 Pad table
2026-03-06 16:34:18 +0100: Memory Usage (476532K) : Executing rule Pad.m
2026-03-06 16:34:18 +0100: Memory Usage (476532K) : Executing rule Pad.fR_M1
2026-03-06 16:34:18 +0100: Memory Usage (476532K) : Executing rule Pad.fR_M2
2026-03-06 16:34:18 +0100: Memory Usage (476532K) : Executing rule Pad.fR_M3
2026-03-06 16:34:18 +0100: Memory Usage (476532K) : Executing rule Pad.fR_M4
2026-03-06 16:34:18 +0100: Memory Usage (476532K) : Executing rule Pad.fR_M5
2026-03-06 16:34:18 +0100: Memory Usage (476532K) : Executing rule Pad.fR_TM1
2026-03-06 16:34:18 +0100: Memory Usage (476532K) : Executing rule Pad.fR_TM2
2026-03-06 16:34:18 +0100: Memory Usage (476532K) : Executing rule Pad.i
2026-03-06 16:34:18 +0100: Memory Usage (476532K) : Starting 6.9.1 Solder Bump
2026-03-06 16:34:18 +0100: Memory Usage (476532K) : Executing rule Padb.a
2026-03-06 16:34:18 +0100: Memory Usage (476532K) : Executing rule Padb.b
2026-03-06 16:34:18 +0100: Memory Usage (476532K) : Executing rule Padb.c
2026-03-06 16:34:18 +0100: Memory Usage (476532K) : Executing rule Padb.f
2026-03-06 16:34:18 +0100: Memory Usage (476532K) : Executing rule Padb.d
2026-03-06 16:34:18 +0100: Memory Usage (476532K) : Starting 6.10 Sealring table
2026-03-06 16:34:18 +0100: Memory Usage (476532K) : Executing rule Seal.l
2026-03-06 16:34:18 +0100: Memory Usage (476532K) : Executing rule Seal.n
2026-03-06 16:34:18 +0100: Memory Usage (476532K) : Executing rule seal.b_metal1
2026-03-06 16:34:18 +0100: Memory Usage (476532K) : Executing rule seal.b_metal2
2026-03-06 16:34:18 +0100: Memory Usage (476532K) : Executing rule seal.b_metal3
2026-03-06 16:34:18 +0100: Memory Usage (476532K) : Executing rule seal.b_metal4
2026-03-06 16:34:18 +0100: Memory Usage (476532K) : Executing rule seal.b_metal5
2026-03-06 16:34:18 +0100: Memory Usage (476532K) : Executing rule seal.b_topmetal1
2026-03-06 16:34:18 +0100: Memory Usage (476532K) : Executing rule seal.b_topmetal2
2026-03-06 16:34:18 +0100: Memory Usage (476532K) : Executing rule seal.b_activ
2026-03-06 16:34:18 +0100: Memory Usage (476532K) : Executing rule seal.b_psd
2026-03-06 16:34:18 +0100: Memory Usage (476532K) : Executing rule Seal.k
2026-03-06 16:34:18 +0100: Memory Usage (476532K) : Executing rule Seal.m
2026-03-06 16:34:18 +0100: Memory Usage (476532K) : Starting 6.11 MIM table
2026-03-06 16:34:18 +0100: Memory Usage (476532K) : Executing rule MIM.c
2026-03-06 16:34:18 +0100: Memory Usage (476532K) : Executing rule MIM.d
2026-03-06 16:34:18 +0100: Memory Usage (476532K) : Executing rule MIM.gR
2026-03-06 16:34:18 +0100: Memory Usage (476532K) : Starting 7.3 Metal Slits table
2026-03-06 16:34:18 +0100: Memory Usage (476532K) : Executing rule Slt.e1_M1
2026-03-06 16:34:18 +0100: Memory Usage (476532K) : Executing rule Slt.e1_M2
2026-03-06 16:34:18 +0100: Memory Usage (476532K) : Executing rule Slt.e1_M3
2026-03-06 16:34:18 +0100: Memory Usage (476532K) : Executing rule Slt.e1_M4
2026-03-06 16:34:18 +0100: Memory Usage (476532K) : Executing rule Slt.e1_M5
2026-03-06 16:34:18 +0100: Memory Usage (476532K) : Executing rule Slt.e1_TM1
2026-03-06 16:34:18 +0100: Memory Usage (476532K) : Executing rule Slt.e1_TM2
2026-03-06 16:34:18 +0100: Memory Usage (476532K) : Starting 9.1. LBE table
2026-03-06 16:34:18 +0100: Memory Usage (476532K) : Executing rule LBE.a
2026-03-06 16:34:18 +0100: Memory Usage (476532K) : Executing rule LBE.b
2026-03-06 16:34:18 +0100: Memory Usage (476532K) : Executing rule LBE.b1
2026-03-06 16:34:18 +0100: Memory Usage (476532K) : Executing rule LBE.c
2026-03-06 16:34:18 +0100: Memory Usage (476532K) : Executing rule LBE.d
2026-03-06 16:34:18 +0100: Memory Usage (476532K) : Executing rule LBE.h
2026-03-06 16:34:18 +0100: Memory Usage (476532K) : Starting 7.4. PIN table
2026-03-06 16:34:18 +0100: Memory Usage (476532K) : Executing rule Pin.a
2026-03-06 16:34:18 +0100: Memory Usage (476532K) : Executing rule Pin.b
2026-03-06 16:34:18 +0100: Memory Usage (476532K) : Executing rule Pin.e
2026-03-06 16:34:18 +0100: Memory Usage (476532K) : Executing rule Pin.f_M2
2026-03-06 16:34:18 +0100: Memory Usage (476532K) : Executing rule Pin.f_M3
2026-03-06 16:34:18 +0100: Memory Usage (476532K) : Executing rule Pin.f_M4
2026-03-06 16:34:18 +0100: Memory Usage (476532K) : Executing rule Pin.f_M5
2026-03-06 16:34:18 +0100: Memory Usage (476532K) : Executing rule Pin.g
2026-03-06 16:34:18 +0100: Memory Usage (476532K) : Executing rule Pin.h
2026-03-06 16:34:18 +0100: Memory Usage (476532K) : Starting 3.2. FORBIDDEN table
2026-03-06 16:34:18 +0100: Memory Usage (476532K) : Executing rule forbidden.biwind
2026-03-06 16:34:18 +0100: Memory Usage (476532K) : Executing rule forbidden.pemwind
2026-03-06 16:34:18 +0100: Memory Usage (476532K) : Executing rule forbidden.baspoly
2026-03-06 16:34:18 +0100: Memory Usage (476532K) : Executing rule forbidden.deepco
2026-03-06 16:34:18 +0100: Memory Usage (476532K) : Executing rule forbidden.pempoly
2026-03-06 16:34:18 +0100: Memory Usage (476532K) : Executing rule forbidden.empoly
2026-03-06 16:34:18 +0100: Memory Usage (476532K) : Executing rule forbidden.ldmos
2026-03-06 16:34:18 +0100: Memory Usage (476532K) : Executing rule forbidden.pbiwind
2026-03-06 16:34:18 +0100: Memory Usage (476532K) : Executing rule forbidden.nodrc
2026-03-06 16:34:18 +0100: Memory Usage (476532K) : Executing rule forbidden.flash
2026-03-06 16:34:18 +0100: Memory Usage (476532K) : Executing rule forbidden.colwind
2026-03-06 16:34:18 +0100: Memory Usage (476532K) : KLayout DRC run for tables 'main' completed in 0.41 seconds
